
Binary
mkdir /FLASH0
cd /FLASH0
lcd FLASH0
  mkdir bin
  cd bin
  lcd bin
    cd ..
    lcd ..
  mkdir rdt
  cd rdt
  lcd rdt
    put password.rde
    cd ..
    lcd ..
  mkdir gdt
  cd gdt
  lcd gdt
    cd ..
    lcd ..
  mkdir fw
  cd fw
  lcd fw
    cd ..
    lcd ..
  mkdir wwwroot
  cd wwwroot
  lcd wwwroot
    mkdir images
    cd images
    lcd images
      put eight_io.gif
      put empty.gif
      put hiendcpu.gif
      put logo.gif
      put miniplc.gif
      put module.gif
      cd ..
      lcd ..
    mkdir classes
    cd classes
    lcd classes
      put jvmver.jar
      put RDE.jar
      put SAComm.jar
      put SysDiag.jar
      put webcfg.jar
      put webdiag.jar
      put XMLParser.jar
      put xmlrpc-1.1.jar
      cd ..
      lcd ..
    mkdir conf
    cd conf
    lcd conf
      mkdir bootp
      cd bootp
      lcd bootp
        cd ..
        lcd ..
      mkdir snmp
      cd snmp
      lcd snmp
        put snmp.ini
        cd ..
        lcd ..
      mkdir dhcp
      cd dhcp
      lcd dhcp
        cd ..
        lcd ..
      mkdir diag
      cd diag
      lcd diag
        cd ..
        lcd ..
      mkdir exec
      cd exec
      lcd exec
        put kerVer
        put NOE77101.bin
        cd ..
        lcd ..
      mkdir glbdata
      cd glbdata
      lcd glbdata
        put glbdata.ini
        cd ..
        lcd ..
      mkdir fw
      cd fw
      lcd fw
        put fw.ini
        cd ..
        lcd ..
      mkdir ioscanner
      cd ioscanner
      lcd ioscanner
        cd ..
        lcd ..
      put Gcnftcop.sys
      cd ..
      lcd ..
    mkdir cgi-bin
    cd cgi-bin
    lcd cgi-bin
      cd ..
      lcd ..
    mkdir secure
    cd secure
    lcd secure
      mkdir embedded
      cd embedded
      lcd embedded
        mkdir images
        cd images
        lcd images
          cd ..
          lcd ..
        mkdir classes
        cd classes
        lcd classes
          cd ..
          lcd ..
        mkdir french
        cd french
        lcd french
          cd ..
          lcd ..
        mkdir german
        cd german
        lcd german
          cd ..
          lcd ..
        mkdir spanish
        cd spanish
        lcd spanish
          cd ..
          lcd ..
        put bandwidth.htm
        put chkdsk.htm
        put dhcp_node_config.htm
        put format_flash.htm
        put ftp_passwd_config.htm
        put globaldata.htm
        put http_passwd_config.htm
        put ioscanning.htm
        put messaging.htm
        put reboot.htm
        put set_readonly.htm
        put smtpconf.htm
        put smtpdiag.htm
        put support.htm
        put web_page_Ver.ini
        cd ..
        lcd ..
      mkdir system
      cd system
      lcd system
        put ctrlstat.htm
        put ethernet.htm
        put plccfg.htm
        put rde.htm
        put riostat.htm
        cd ..
        lcd ..
      mkdir user
      cd user
      lcd user
        cd ..
        lcd ..
      cd ..
      lcd ..
    mkdir unsecure
    cd unsecure
    lcd unsecure
      mkdir user
      cd user
      lcd user
        cd ..
        lcd ..
      cd ..
      lcd ..
    mkdir lib
    cd lib
    lcd lib
      put home.js
      put main.js
      put main.css
      cd ..
      lcd ..
    mkdir html
    cd html
    lcd html
      mkdir lib
      cd lib
      lcd lib
        mkdir css
        cd css
        lcd css
          put header.css
          put main.css
          put menu.css
          cd ..
          lcd ..
        mkdir images
        cd images
        lcd images
          put left.gif
          put moins.gif
          put plus.gif
          put right.gif
          cd ..
          lcd ..
        mkdir js
        cd js
        lcd js
          put header.js
          put home.js
          put index.js
          put menu.js
          put tools.js
          cd ..
          lcd ..
        cd ..
        lcd ..
      mkdir images
      cd images
      lcd images
        put Telemecanique.gif
        put TelemecaniquePocketPC.gif
        put noe77101.jpg
        cd ..
        lcd ..
      mkdir english
      cd english
      lcd english
        mkdir control
        cd control
        lcd control
          put index.htm
          put menu.htm
          cd ..
          lcd ..
        mkdir diagnostic
        cd diagnostic
        lcd diagnostic
          put index.htm
          put menu.htm
          cd ..
          lcd ..
        mkdir documentation
        cd documentation
        lcd documentation
          put index.htm
          put menu.htm
          cd ..
          lcd ..
        mkdir home
        cd home
        lcd home
          put home.htm
          put index.htm
          put menu.htm
          cd ..
          lcd ..
        mkdir maintenance
        cd maintenance
        lcd maintenance
          put index.htm
          put menu.htm
          cd ..
          lcd ..
        mkdir monitoring
        cd monitoring
        lcd monitoring
          put index.htm
          put menu.htm
          cd ..
          lcd ..
        mkdir setup
        cd setup
        lcd setup
          put index.htm
          put menu.htm
          cd ..
          lcd ..
        put header.htm
        put index.htm
        cd ..
        lcd ..
      put config.js
      cd ..
      lcd ..
    put index.htm
    put SchneiderTFE.zip
    cd ..
    lcd ..
  mkdir ftp
  cd ftp
  lcd ftp
    cd ..
    lcd ..
  put webloader.ini
  cd ..
  lcd ..